# Bake Begins!
### (1 of 6) Copy sources
$ cp -a /home/travis/build/fontdirectory/tienne/METADATA.json /home/travis/build/fontdirectory/tienne/builds/build
$ cp -a /home/travis/build/fontdirectory/tienne/DESCRIPTION.en_us.html /home/travis/build/fontdirectory/tienne/builds/build
$ cp -a Tienne-Regular.ttf.ttx Tienne-Heavy.ttf.ttx Tienne-Bold.ttf.ttx src/Tienne-Regular.otf.ttx src/Tienne-Heavy.otf.ttx src/Tienne-Bold.otf.ttx src/Tienne-Regular-TTF.sfd src/Tienne-Heavy.sfd src/Tienne-Heavy-TTF.sfd src/Tienne-Bold-TTF.sfd Tienne-Regular.ttf._p_r_e_p.ttx Tienne-Regular.ttf._p_o_s_t.ttx Tienne-Regular.ttf._n_a_m_e.ttx Tienne-Regular.ttf._m_a_x_p.ttx Tienne-Regular.ttf._l_o_c_a.ttx Tienne-Regular.ttf._h_m_t_x.ttx Tienne-Regular.ttf._h_h_e_a.ttx Tienne-Regular.ttf._h_e_a_d.ttx Tienne-Regular.ttf._g_l_y_f.ttx Tienne-Regular.ttf._g_a_s_p.ttx Tienne-Regular.ttf._f_p_g_m.ttx Tienne-Regular.ttf._c_v_t.ttx Tienne-Regular.ttf._c_m_a_p.ttx Tienne-Regular.ttf.O_S_2f_2.ttx Tienne-Regular.ttf.GlyphOrder.ttx Tienne-Regular.ttf.G_S_U_B_.ttx Tienne-Regular.ttf.G_P_O_S_.ttx Tienne-Regular.ttf.G_D_E_F_.ttx Tienne-Regular.ttf.F_F_T_M_.ttx Tienne-Heavy.ttf._p_r_e_p.ttx Tienne-Heavy.ttf._p_o_s_t.ttx Tienne-Heavy.ttf._n_a_m_e.ttx Tienne-Heavy.ttf._m_a_x_p.ttx Tienne-Heavy.ttf._l_o_c_a.ttx Tienne-Heavy.ttf._h_m_t_x.ttx Tienne-Heavy.ttf._h_h_e_a.ttx Tienne-Heavy.ttf._h_e_a_d.ttx Tienne-Heavy.ttf._g_l_y_f.ttx Tienne-Heavy.ttf._g_a_s_p.ttx Tienne-Heavy.ttf._f_p_g_m.ttx Tienne-Heavy.ttf._c_v_t.ttx Tienne-Heavy.ttf._c_m_a_p.ttx Tienne-Heavy.ttf.O_S_2f_2.ttx Tienne-Heavy.ttf.GlyphOrder.ttx Tienne-Heavy.ttf.G_S_U_B_.ttx Tienne-Heavy.ttf.G_P_O_S_.ttx Tienne-Heavy.ttf.G_D_E_F_.ttx Tienne-Heavy.ttf.F_F_T_M_.ttx Tienne-Bold.ttf._p_r_e_p.ttx Tienne-Bold.ttf._p_o_s_t.ttx Tienne-Bold.ttf._n_a_m_e.ttx Tienne-Bold.ttf._m_a_x_p.ttx Tienne-Bold.ttf._l_o_c_a.ttx Tienne-Bold.ttf._h_m_t_x.ttx Tienne-Bold.ttf._h_h_e_a.ttx Tienne-Bold.ttf._h_e_a_d.ttx Tienne-Bold.ttf._g_l_y_f.ttx Tienne-Bold.ttf._g_a_s_p.ttx Tienne-Bold.ttf._f_p_g_m.ttx Tienne-Bold.ttf._c_v_t.ttx Tienne-Bold.ttf._c_m_a_p.ttx Tienne-Bold.ttf.O_S_2f_2.ttx Tienne-Bold.ttf.GlyphOrder.ttx Tienne-Bold.ttf.G_S_U_B_.ttx Tienne-Bold.ttf.G_P_O_S_.ttx Tienne-Bold.ttf.G_D_E_F_.ttx Tienne-Bold.ttf.F_F_T_M_.ttx src/Tienne-Regular.otf._p_o_s_t.ttx src/Tienne-Regular.otf._n_a_m_e.ttx src/Tienne-Regular.otf._m_a_x_p.ttx src/Tienne-Regular.otf._h_m_t_x.ttx src/Tienne-Regular.otf._h_h_e_a.ttx src/Tienne-Regular.otf._h_e_a_d.ttx src/Tienne-Regular.otf._c_m_a_p.ttx src/Tienne-Regular.otf.O_S_2f_2.ttx src/Tienne-Regular.otf.GlyphOrder.ttx src/Tienne-Regular.otf.G_P_O_S_.ttx src/Tienne-Regular.otf.C_F_F_.ttx src/Tienne-Heavy.otf._p_o_s_t.ttx src/Tienne-Heavy.otf._n_a_m_e.ttx src/Tienne-Heavy.otf._m_a_x_p.ttx src/Tienne-Heavy.otf._h_m_t_x.ttx src/Tienne-Heavy.otf._h_h_e_a.ttx src/Tienne-Heavy.otf._h_e_a_d.ttx src/Tienne-Heavy.otf._c_m_a_p.ttx src/Tienne-Heavy.otf.O_S_2f_2.ttx src/Tienne-Heavy.otf.GlyphOrder.ttx src/Tienne-Heavy.otf.C_F_F_.ttx src/Tienne-Bold.otf._p_o_s_t.ttx src/Tienne-Bold.otf._n_a_m_e.ttx src/Tienne-Bold.otf._m_a_x_p.ttx src/Tienne-Bold.otf._h_m_t_x.ttx src/Tienne-Bold.otf._h_h_e_a.ttx src/Tienne-Bold.otf._h_e_a_d.ttx src/Tienne-Bold.otf._c_m_a_p.ttx src/Tienne-Bold.otf.O_S_2f_2.ttx src/Tienne-Bold.otf.GlyphOrder.ttx src/Tienne-Bold.otf.C_F_F_.ttx src/Tienne-Heavy.otf.ttx src/Tienne-Heavy.otf._p_o_s_t.ttx src/Tienne-Heavy.otf._n_a_m_e.ttx src/Tienne-Heavy.otf._m_a_x_p.ttx src/Tienne-Heavy.otf._h_m_t_x.ttx src/Tienne-Heavy.otf._h_h_e_a.ttx src/Tienne-Heavy.otf._h_e_a_d.ttx src/Tienne-Heavy.otf._c_m_a_p.ttx src/Tienne-Heavy.otf.O_S_2f_2.ttx src/Tienne-Heavy.otf.GlyphOrder.ttx src/Tienne-Heavy.otf.C_F_F_.ttx /home/travis/build/fontdirectory/tienne/builds/build/sources
### (2 of 6) pyfontaine
### (3 of 6) Run upstream tests
$ fontbakery-check.py upstream-repo sources
$ fontaine --collections subsets --text /home/travis/build/fontdirectory/tienne/builds/build/sources/Tienne-Heavy.otf.ttx /home/travis/build/fontdirectory/tienne/builds/build/sources/Tienne-Bold.otf.ttx /home/travis/build/fontdirectory/tienne/builds/build/sources/Tienne-Regular.otf.ttx /home/travis/build/fontdirectory/tienne/builds/build/sources/Tienne-Bold.ttf.ttx /home/travis/build/fontdirectory/tienne/builds/build/sources/Tienne-Heavy.ttf.ttx /home/travis/build/fontdirectory/tienne/builds/build/sources/Tienne-Regular.ttf.ttx /home/travis/build/fontdirectory/tienne/builds/build/sources/Tienne-Bold-TTF.sfd /home/travis/build/fontdirectory/tienne/builds/build/sources/Tienne-Heavy-TTF.sfd /home/travis/build/fontdirectory/tienne/builds/build/sources/Tienne-Heavy.sfd /home/travis/build/fontdirectory/tienne/builds/build/sources/Tienne-Regular-TTF.sfd > fontaine.txt
WARNING: Please install [PyICU](https://pypi.python.org/pypi/PyICU) toenable [feature], perhaps with: pip install pyicu
bakery_lint.tests.upstream.test_prepolation.FontTestPrepolation.test_font_prepolation_glyph_contours(): ERROR
pyfontaine error: reference to invalid character number: line 36, column 62
pyfontaine process has been failed
bakery_lint.tests.upstream.test_prepolation.FontTestPrepolation.test_font_prepolation_glyph_points(): ERROR
bakery_lint.tests.upstream.test_prepolation.FontTestPrepolation.test_font_test_prepolation_glyph_names(): ERROR
bakery_lint.tests.upstream.test_diacritic.TestDiacritic.test_diacritic_made_as_component(): OK
bakery_lint.tests.upstream.test_diacritic.TestDiacritic.test_diacritic_made_as_mark_to_mark(): OK
bakery_lint.tests.upstream.test_diacritic.TestDiacritic.test_diacritic_made_as_own_glyphs(): OK
bakery_lint.tests.upstream.test_check_upstream_sources.ProjectUpstreamTestCase.test_bakery_yaml_exists(): OK
bakery_lint.tests.upstream.test_check_upstream_sources.ProjectUpstreamTestCase.test_copyright_notices_same_across_family(): OK
bakery_lint.tests.upstream.test_check_upstream_sources.ProjectUpstreamTestCase.test_description_html_exists(): OK
bakery_lint.tests.upstream.test_check_upstream_sources.ProjectUpstreamTestCase.test_fontlog_txt_exists(): FAIL
bakery_lint.tests.upstream.test_check_upstream_sources.ProjectUpstreamTestCase.test_metadata_json_exists(): OK
$ fontbakery-check.py upstream-ttx Tienne-Heavy.otf.ttx
bakery_lint.tests.upstream.test_glyphname_does_not_contain_disallowed_chars.TestGlyphNameDoesNotContainsDisallowedChars.test_glyphname_does_not_contain_disallowed_chars(): FAIL
bakery_lint.tests.upstream.test_font_filename_eq_familystyle.TestTTFSourceFontFileNameEqualsFamilyStyle.test_source_ttf_font_filename_equals_familystyle(): FAIL
$ mv /home/travis/build/fontdirectory/tienne/builds/build/sources/Tienne-Heavy.otf.ttx /home/travis/build/fontdirectory/tienne/builds/build/sources/Tienne-Heavy.ttx
bakery_lint.tests.upstream.test_font_filename_eq_familystyle.TestTTFSourceFontFileNameEqualsFamilyStyle.test_source_ttf_font_filename_equals_familystyle(): OK
bakery_lint.tests.upstream.test_check_ttx_requirements.SourceTTXTest.test_epar_in_keys(): FAIL
bakery_lint.tests.upstream.test_check_ttx_requirements.SourceTTXTest.test_os2_in_keys(): OK
bakery_lint.tests.upstream.test_check_ttx_requirements.SourceTTXTest.test_ttx_doesnt_contain_duplicate_glyphs(): OK
bakery_lint.tests.upstream.test_check_ttx_fontfamily_recommendations.TTX_FontFamilyNamingTest.test_ttx_family_naming_recommendation(): OK
$ fontbakery-check.py upstream-ttx Tienne-Bold.otf.ttx
bakery_lint.tests.upstream.test_glyphname_does_not_contain_disallowed_chars.TestGlyphNameDoesNotContainsDisallowedChars.test_glyphname_does_not_contain_disallowed_chars(): OK
bakery_lint.tests.upstream.test_font_filename_eq_familystyle.TestTTFSourceFontFileNameEqualsFamilyStyle.test_source_ttf_font_filename_equals_familystyle(): FAIL
$ mv /home/travis/build/fontdirectory/tienne/builds/build/sources/Tienne-Bold.otf.ttx /home/travis/build/fontdirectory/tienne/builds/build/sources/Tienne-Bold.ttx
bakery_lint.tests.upstream.test_font_filename_eq_familystyle.TestTTFSourceFontFileNameEqualsFamilyStyle.test_source_ttf_font_filename_equals_familystyle(): OK
bakery_lint.tests.upstream.test_check_ttx_requirements.SourceTTXTest.test_epar_in_keys(): FAIL
bakery_lint.tests.upstream.test_check_ttx_requirements.SourceTTXTest.test_os2_in_keys(): OK
bakery_lint.tests.upstream.test_check_ttx_requirements.SourceTTXTest.test_ttx_doesnt_contain_duplicate_glyphs(): OK
bakery_lint.tests.upstream.test_check_ttx_fontfamily_recommendations.TTX_FontFamilyNamingTest.test_ttx_family_naming_recommendation(): OK
$ fontbakery-check.py upstream-ttx Tienne-Regular.otf.ttx
bakery_lint.tests.upstream.test_glyphname_does_not_contain_disallowed_chars.TestGlyphNameDoesNotContainsDisallowedChars.test_glyphname_does_not_contain_disallowed_chars(): ERROR
bakery_lint.tests.upstream.test_font_filename_eq_familystyle.TestTTFSourceFontFileNameEqualsFamilyStyle.test_source_ttf_font_filename_equals_familystyle(): ERROR
bakery_lint.tests.upstream.test_check_ttx_requirements.SourceTTXTest.test_epar_in_keys(): ERROR
bakery_lint.tests.upstream.test_check_ttx_requirements.SourceTTXTest.test_os2_in_keys(): ERROR
bakery_lint.tests.upstream.test_check_ttx_requirements.SourceTTXTest.test_ttx_doesnt_contain_duplicate_glyphs(): ERROR
bakery_lint.tests.upstream.test_check_ttx_fontfamily_recommendations.TTX_FontFamilyNamingTest.test_ttx_family_naming_recommendation(): ERROR
$ fontbakery-check.py upstream-ttx Tienne-Bold.ttf.ttx
bakery_lint.tests.upstream.test_glyphname_does_not_contain_disallowed_chars.TestGlyphNameDoesNotContainsDisallowedChars.test_glyphname_does_not_contain_disallowed_chars(): FAIL
bakery_lint.tests.upstream.test_font_filename_eq_familystyle.TestTTFSourceFontFileNameEqualsFamilyStyle.test_source_ttf_font_filename_equals_familystyle(): FAIL
$ mv /home/travis/build/fontdirectory/tienne/builds/build/sources/Tienne-Bold.ttf.ttx /home/travis/build/fontdirectory/tienne/builds/build/sources/Tienne-Bold.ttx
bakery_lint.tests.upstream.test_font_filename_eq_familystyle.TestTTFSourceFontFileNameEqualsFamilyStyle.test_source_ttf_font_filename_equals_familystyle(): OK
bakery_lint.tests.upstream.test_check_ttx_requirements.SourceTTXTest.test_epar_in_keys(): FAIL
bakery_lint.tests.upstream.test_check_ttx_requirements.SourceTTXTest.test_os2_in_keys(): OK
bakery_lint.tests.upstream.test_check_ttx_requirements.SourceTTXTest.test_ttx_doesnt_contain_duplicate_glyphs(): OK
bakery_lint.tests.upstream.test_check_ttx_fontfamily_recommendations.TTX_FontFamilyNamingTest.test_ttx_family_naming_recommendation(): OK
$ fontbakery-check.py upstream-ttx Tienne-Heavy.ttf.ttx
bakery_lint.tests.upstream.test_glyphname_does_not_contain_disallowed_chars.TestGlyphNameDoesNotContainsDisallowedChars.test_glyphname_does_not_contain_disallowed_chars(): FAIL
bakery_lint.tests.upstream.test_font_filename_eq_familystyle.TestTTFSourceFontFileNameEqualsFamilyStyle.test_source_ttf_font_filename_equals_familystyle(): FAIL
$ mv /home/travis/build/fontdirectory/tienne/builds/build/sources/Tienne-Heavy.ttf.ttx /home/travis/build/fontdirectory/tienne/builds/build/sources/Tienne-Heavy.ttx
bakery_lint.tests.upstream.test_font_filename_eq_familystyle.TestTTFSourceFontFileNameEqualsFamilyStyle.test_source_ttf_font_filename_equals_familystyle(): OK
bakery_lint.tests.upstream.test_check_ttx_requirements.SourceTTXTest.test_epar_in_keys(): FAIL
bakery_lint.tests.upstream.test_check_ttx_requirements.SourceTTXTest.test_os2_in_keys(): OK
bakery_lint.tests.upstream.test_check_ttx_requirements.SourceTTXTest.test_ttx_doesnt_contain_duplicate_glyphs(): OK
bakery_lint.tests.upstream.test_check_ttx_fontfamily_recommendations.TTX_FontFamilyNamingTest.test_ttx_family_naming_recommendation(): OK
$ fontbakery-check.py upstream-ttx Tienne-Regular.ttf.ttx
bakery_lint.tests.upstream.test_glyphname_does_not_contain_disallowed_chars.TestGlyphNameDoesNotContainsDisallowedChars.test_glyphname_does_not_contain_disallowed_chars(): OK
bakery_lint.tests.upstream.test_font_filename_eq_familystyle.TestTTFSourceFontFileNameEqualsFamilyStyle.test_source_ttf_font_filename_equals_familystyle(): FAIL
$ mv /home/travis/build/fontdirectory/tienne/builds/build/sources/Tienne-Regular.ttf.ttx /home/travis/build/fontdirectory/tienne/builds/build/sources/Tienne-Regular.ttx
bakery_lint.tests.upstream.test_font_filename_eq_familystyle.TestTTFSourceFontFileNameEqualsFamilyStyle.test_source_ttf_font_filename_equals_familystyle(): OK
bakery_lint.tests.upstream.test_check_ttx_requirements.SourceTTXTest.test_epar_in_keys(): FAIL
bakery_lint.tests.upstream.test_check_ttx_requirements.SourceTTXTest.test_os2_in_keys(): OK
bakery_lint.tests.upstream.test_check_ttx_requirements.SourceTTXTest.test_ttx_doesnt_contain_duplicate_glyphs(): OK
bakery_lint.tests.upstream.test_check_ttx_fontfamily_recommendations.TTX_FontFamilyNamingTest.test_ttx_family_naming_recommendation(): OK
$ fontbakery-check.py upstream Tienne-Bold-TTF.sfd
bakery_lint.tests.upstream.test_unicode_value_should_appear_only_once_per_font.UnicodeValueShouldAppearOnlyOnce.testUnicodeValue(): ERROR
bakery_lint.tests.upstream.test_font_filename_eq_familystyle.TestTTFSourceFontFileNameEqualsFamilyStyle.test_source_ttf_font_filename_equals_familystyle(): ERROR
bakery_lint.tests.upstream.test_contour_count.TestContourCount.test_contour_count(): ERROR
bakery_lint.tests.upstream.test_check_ufo_requirements.UfoOpenTest.test_has_rupee(): ERROR
bakery_lint.tests.upstream.test_check_ufo_requirements.UfoOpenTest.test_is_A(): ERROR
bakery_lint.tests.upstream.test_check_ufo_requirements.UfoOpenTest.test_is_A_a_glyph_instance(): ERROR
bakery_lint.tests.upstream.test_check_ufo_requirements.UfoOpenTest.test_is_ended_ufo(): ERROR
bakery_lint.tests.upstream.test_check_ufo_requirements.UfoOpenTest.test_is_folder(): ERROR
bakery_lint.tests.upstream.test_check_ufo_requirements.UfoOpenTest.test_is_fsType_eq_1(): ERROR
bakery_lint.tests.upstream.test_check_ufo_requirements.UfoOpenTest.test_it_exists(): ERROR
bakery_lint.tests.upstream.test_check_ufo_fontfamily_recommendations.TestUFOFontFamilyNamingTest.test_familyname_less_than_32_chars(): OK
bakery_lint.tests.upstream.test_check_ufo_fontfamily_recommendations.TestUFOFontFamilyNamingTest.test_fullfontname_less_than_64_chars(): OK
bakery_lint.tests.upstream.test_check_ufo_fontfamily_recommendations.TestUFOFontFamilyNamingTest.test_postscriptname_consistof_allowed_chars(): OK
bakery_lint.tests.upstream.test_check_ufo_fontfamily_recommendations.TestUFOFontFamilyNamingTest.test_postscriptname_less_than_30_chars(): OK
bakery_lint.tests.upstream.test_check_ufo_fontfamily_recommendations.TestUFOFontFamilyNamingTest.test_stylename_less_than_32_chars(): OK
bakery_lint.tests.upstream.test_check_ufo_fontfamily_recommendations.TestUFOFontFamilyNamingTest.test_weight_value_range_between_250_and_900(): OK
$ fontbakery-check.py upstream Tienne-Heavy-TTF.sfd
bakery_lint.tests.upstream.test_unicode_value_should_appear_only_once_per_font.UnicodeValueShouldAppearOnlyOnce.testUnicodeValue(): ERROR
bakery_lint.tests.upstream.test_font_filename_eq_familystyle.TestTTFSourceFontFileNameEqualsFamilyStyle.test_source_ttf_font_filename_equals_familystyle(): ERROR
bakery_lint.tests.upstream.test_contour_count.TestContourCount.test_contour_count(): ERROR
bakery_lint.tests.upstream.test_check_ufo_requirements.UfoOpenTest.test_has_rupee(): ERROR
bakery_lint.tests.upstream.test_check_ufo_requirements.UfoOpenTest.test_is_A(): ERROR
bakery_lint.tests.upstream.test_check_ufo_requirements.UfoOpenTest.test_is_A_a_glyph_instance(): ERROR
bakery_lint.tests.upstream.test_check_ufo_requirements.UfoOpenTest.test_is_ended_ufo(): ERROR
bakery_lint.tests.upstream.test_check_ufo_requirements.UfoOpenTest.test_is_folder(): ERROR
bakery_lint.tests.upstream.test_check_ufo_requirements.UfoOpenTest.test_is_fsType_eq_1(): ERROR
bakery_lint.tests.upstream.test_check_ufo_requirements.UfoOpenTest.test_it_exists(): ERROR
bakery_lint.tests.upstream.test_check_ufo_fontfamily_recommendations.TestUFOFontFamilyNamingTest.test_familyname_less_than_32_chars(): OK
bakery_lint.tests.upstream.test_check_ufo_fontfamily_recommendations.TestUFOFontFamilyNamingTest.test_fullfontname_less_than_64_chars(): OK
bakery_lint.tests.upstream.test_check_ufo_fontfamily_recommendations.TestUFOFontFamilyNamingTest.test_postscriptname_consistof_allowed_chars(): OK
bakery_lint.tests.upstream.test_check_ufo_fontfamily_recommendations.TestUFOFontFamilyNamingTest.test_postscriptname_less_than_30_chars(): OK
bakery_lint.tests.upstream.test_check_ufo_fontfamily_recommendations.TestUFOFontFamilyNamingTest.test_stylename_less_than_32_chars(): OK
bakery_lint.tests.upstream.test_check_ufo_fontfamily_recommendations.TestUFOFontFamilyNamingTest.test_weight_value_range_between_250_and_900(): OK
$ fontbakery-check.py upstream Tienne-Heavy.sfd
bakery_lint.tests.upstream.test_unicode_value_should_appear_only_once_per_font.UnicodeValueShouldAppearOnlyOnce.testUnicodeValue(): ERROR
bakery_lint.tests.upstream.test_font_filename_eq_familystyle.TestTTFSourceFontFileNameEqualsFamilyStyle.test_source_ttf_font_filename_equals_familystyle(): ERROR
bakery_lint.tests.upstream.test_contour_count.TestContourCount.test_contour_count(): ERROR
bakery_lint.tests.upstream.test_check_ufo_requirements.UfoOpenTest.test_has_rupee(): ERROR
bakery_lint.tests.upstream.test_check_ufo_requirements.UfoOpenTest.test_is_A(): ERROR
bakery_lint.tests.upstream.test_check_ufo_requirements.UfoOpenTest.test_is_A_a_glyph_instance(): ERROR
bakery_lint.tests.upstream.test_check_ufo_requirements.UfoOpenTest.test_is_ended_ufo(): ERROR
bakery_lint.tests.upstream.test_check_ufo_requirements.UfoOpenTest.test_is_folder(): ERROR
bakery_lint.tests.upstream.test_check_ufo_requirements.UfoOpenTest.test_is_fsType_eq_1(): ERROR
bakery_lint.tests.upstream.test_check_ufo_requirements.UfoOpenTest.test_it_exists(): ERROR
bakery_lint.tests.upstream.test_check_ufo_fontfamily_recommendations.TestUFOFontFamilyNamingTest.test_familyname_less_than_32_chars(): OK
bakery_lint.tests.upstream.test_check_ufo_fontfamily_recommendations.TestUFOFontFamilyNamingTest.test_fullfontname_less_than_64_chars(): OK
bakery_lint.tests.upstream.test_check_ufo_fontfamily_recommendations.TestUFOFontFamilyNamingTest.test_postscriptname_consistof_allowed_chars(): OK
bakery_lint.tests.upstream.test_check_ufo_fontfamily_recommendations.TestUFOFontFamilyNamingTest.test_postscriptname_less_than_30_chars(): OK
bakery_lint.tests.upstream.test_check_ufo_fontfamily_recommendations.TestUFOFontFamilyNamingTest.test_stylename_less_than_32_chars(): OK
bakery_lint.tests.upstream.test_check_ufo_fontfamily_recommendations.TestUFOFontFamilyNamingTest.test_weight_value_range_between_250_and_900(): OK
$ fontbakery-check.py upstream Tienne-Regular-TTF.sfd
bakery_lint.tests.upstream.test_unicode_value_should_appear_only_once_per_font.UnicodeValueShouldAppearOnlyOnce.testUnicodeValue(): ERROR
bakery_lint.tests.upstream.test_font_filename_eq_familystyle.TestTTFSourceFontFileNameEqualsFamilyStyle.test_source_ttf_font_filename_equals_familystyle(): ERROR
bakery_lint.tests.upstream.test_contour_count.TestContourCount.test_contour_count(): ERROR
bakery_lint.tests.upstream.test_check_ufo_requirements.UfoOpenTest.test_has_rupee(): ERROR
bakery_lint.tests.upstream.test_check_ufo_requirements.UfoOpenTest.test_is_A(): ERROR
bakery_lint.tests.upstream.test_check_ufo_requirements.UfoOpenTest.test_is_A_a_glyph_instance(): ERROR
bakery_lint.tests.upstream.test_check_ufo_requirements.UfoOpenTest.test_is_ended_ufo(): ERROR
bakery_lint.tests.upstream.test_check_ufo_requirements.UfoOpenTest.test_is_folder(): ERROR
bakery_lint.tests.upstream.test_check_ufo_requirements.UfoOpenTest.test_is_fsType_eq_1(): ERROR
bakery_lint.tests.upstream.test_check_ufo_requirements.UfoOpenTest.test_it_exists(): ERROR
bakery_lint.tests.upstream.test_check_ufo_fontfamily_recommendations.TestUFOFontFamilyNamingTest.test_familyname_less_than_32_chars(): OK
bakery_lint.tests.upstream.test_check_ufo_fontfamily_recommendations.TestUFOFontFamilyNamingTest.test_fullfontname_less_than_64_chars(): OK
bakery_lint.tests.upstream.test_check_ufo_fontfamily_recommendations.TestUFOFontFamilyNamingTest.test_postscriptname_consistof_allowed_chars(): OK
bakery_lint.tests.upstream.test_check_ufo_fontfamily_recommendations.TestUFOFontFamilyNamingTest.test_postscriptname_less_than_30_chars(): OK
bakery_lint.tests.upstream.test_check_ufo_fontfamily_recommendations.TestUFOFontFamilyNamingTest.test_stylename_less_than_32_chars(): OK
bakery_lint.tests.upstream.test_check_ufo_fontfamily_recommendations.TestUFOFontFamilyNamingTest.test_weight_value_range_between_250_and_900(): OK
### (4 of 6) Convert sources to TTF
$ ttx -d /home/travis/build/fontdirectory/tienne/builds/build /home/travis/build/fontdirectory/tienne/builds/build/sources/Tienne-Regular.ttx /home/travis/build/fontdirectory/tienne/builds/build/sources/Tienne-Heavy.ttx /home/travis/build/fontdirectory/tienne/builds/build/sources/Tienne-Bold.ttx /home/travis/build/fontdirectory/tienne/builds/build/sources/Tienne-Regular.otf.ttx
ERROR: BUILD FAILED
strippedname:/home/travis/build/fontdirectory/tienne/builds/build/sources/Tienne-Bold-TTF.sfd
strippedname:/home/travis/build/fontdirectory/tienne/builds/build/sources/Tienne-Heavy-TTF.sfd
strippedname:/home/travis/build/fontdirectory/tienne/builds/build/sources/Tienne-Heavy.sfd
strippedname:/home/travis/build/fontdirectory/tienne/builds/build/sources/Tienne-Regular-TTF.sfd
Compiling "/home/travis/build/fontdirectory/tienne/builds/build/sources/Tienne-Regular.ttx" to "/home/travis/build/fontdirectory/tienne/builds/build/Tienne-Regular.ttf"...
Parsing 'GlyphOrder' table...
Parsing 'head' table...
Parsing 'hhea' table...
Parsing 'maxp' table...
Parsing 'OS/2' table...
Parsing 'hmtx' table...
Parsing 'cmap' table...
Parsing 'fpgm' table...
Parsing 'prep' table...
Parsing 'cvt ' table...
Parsing 'loca' table...
Parsing 'glyf' table...
Parsing 'name' table...
Parsing 'post' table...
Parsing 'gasp' table...
Parsing 'FFTM' table...
Parsing 'GDEF' table...
Parsing 'GPOS' table...
Parsing 'GSUB' table...
Compiling "/home/travis/build/fontdirectory/tienne/builds/build/sources/Tienne-Heavy.ttx" to "/home/travis/build/fontdirectory/tienne/builds/build/Tienne-Heavy.ttf"...
Parsing 'GlyphOrder' table...
Parsing 'head' table...
Parsing 'hhea' table...
Parsing 'maxp' table...
Parsing 'OS/2' table...
Parsing 'hmtx' table...
Parsing 'cmap' table...
Parsing 'fpgm' table...
Parsing 'prep' table...
Parsing 'cvt ' table...
Parsing 'loca' table...
Parsing 'glyf' table...
Parsing 'name' table...
Parsing 'post' table...
Parsing 'gasp' table...
Parsing 'FFTM' table...
Parsing 'GDEF' table...
Parsing 'GPOS' table...
Parsing 'GSUB' table...
Compiling "/home/travis/build/fontdirectory/tienne/builds/build/sources/Tienne-Bold.ttx" to "/home/travis/build/fontdirectory/tienne/builds/build/Tienne-Bold.ttf"...
Parsing 'GlyphOrder' table...
Parsing 'head' table...
Parsing 'hhea' table...
Parsing 'maxp' table...
Parsing 'OS/2' table...
Parsing 'hmtx' table...
Parsing 'cmap' table...
Parsing 'fpgm' table...
Parsing 'prep' table...
Parsing 'cvt ' table...
Parsing 'loca' table...
Parsing 'glyf' table...
Parsing 'name' table...
Parsing 'post' table...
Parsing 'gasp' table...
Parsing 'FFTM' table...
Parsing 'GDEF' table...
Parsing 'GPOS' table...
Parsing 'GSUB' table...
Compiling "/home/travis/build/fontdirectory/tienne/builds/build/sources/Tienne-Regular.otf.ttx" to "/home/travis/build/fontdirectory/tienne/builds/build/Tienne-Regular.otf.otf"...
Parsing 'GlyphOrder' table...
Parsing 'head' table...
Parsing 'hhea' table...
Parsing 'maxp' table...
Parsing 'OS/2' table...
Parsing 'name' table...
